C51 COMPILER V9.60.7.0   LCD16X02                                                          12/12/2023 12:21:42 PAGE 1   


C51 COMPILER V9.60.7.0, COMPILATION OF MODULE LCD16X02
OBJECT MODULE PLACED IN .\Objects\lcd16x02.obj
COMPILER INVOKED BY: C:\Keil_v5\C51\BIN\C51.EXE User\lcd16x02.c OPTIMIZE(8,SPEED) BROWSE INCDIR(.\LCD4bit;.\User) DEBUG 
                    -OBJECTEXTEND PRINT(.\Listings\lcd16x02.lst) TABS(2) OBJECT(.\Objects\lcd16x02.obj)

line level    source

   1          #include "lcd16x02.h"
   2          #include "REGX51.H"
   3          
   4          // Dinh nghia chan  hien thi LCD
   5          sbit D0 = P2^0;       // chan D0
   6          sbit D1 = P2^1;       // chan D1
   7          sbit D2 = P2^2;
   8          sbit D3 = P2^3;
   9          sbit D4 = P2^4;
  10          sbit D5 = P2^5;
  11          sbit D6 = P2^6;
  12          sbit D7 = P2^7;       // chan D7
  13          
  14          sbit RS = P3^0;     // chan RS
  15          sbit RW = P3^1;     // Chan RW
  16          sbit EN =  P3^2;      // Chan E
  17          
  18          void Delay(int time){
  19   1        int x, y;
  20   1        for(x = 0; x < time; x++){
  21   2          for(y = 0; y , 123; y++);
  22   2        }
  23   1      }
  24          
  25          void Lcd_Dulieu(unsigned char dulieu){
  26   1        D0 = dulieu & 0x01;
  27   1        D1 = (dulieu >> 1) & 0x01;
  28   1        D2 = (dulieu >> 2) & 0x01;
  29   1        D3 = (dulieu >> 3) & 0x01;
  30   1        D4 = (dulieu >> 4) & 0x01;
  31   1        D5 = (dulieu >> 5) & 0x01;
  32   1        D6 = (dulieu >> 6) & 0x01;
  33   1        D7 = (dulieu >> 7) & 0x01;
  34   1      }
  35          
  36          void Lcd_Ghi_Lenh(char lenh){
  37   1        RS = 0;                     // muc thap, chon che do ghi lenh
  38   1        RW = 0;                     // muc thap, chon che do thanh ghi  
  39   1        EN = 1;                     // muc cao, chuan bi tao su chuyen muc logic tu "1" -> "0" tao tin hieu cho phep ghi
  40   1        Lcd_Dulieu(lenh);
  41   1        EN = 0;                     // muc thap, hoan tat su tao chuyen muc logic "1" sang "0"
  42   1        Delay(10);
  43   1      }
  44          
  45          // Ham, ghi du lieu
  46          void Lcd_Ghi_Dulieu(char dulieu){
  47   1        RS = 1;               
  48   1        RW = 0;
  49   1        EN = 1;
  50   1        Lcd_Dulieu(dulieu);
  51   1        EN = 0;
  52   1        Delay(10);
  53   1      }
  54          
C51 COMPILER V9.60.7.0   LCD16X02                                                          12/12/2023 12:21:42 PAGE 2   

  55          // Ham ghi chuoi
  56          void LCD_Ghi_Chuoi(char *str){
  57   1        while(*str){
  58   2          Lcd_Ghi_Dulieu(*str);
  59   2          str++;
  60   2        }
  61   1      }
  62          
  63          void Lcd_Cauhinh(void){
  64   1        Lcd_Ghi_Lenh(0x03);
  65   1        Lcd_Ghi_Lenh(0x38);         // Giao tiep voi XL 8 chan(D0 - D7)
  66   1        // Lcd_Ghi_Lenh(0x28);      // Giao tiep voi VXL 4 chan(D4 - D7)
  67   1        Lcd_Ghi_Lenh(0x06);         // Tu dong dua con tro den tri tri tiep theo (trai -> phai)
  68   1        Lcd_Ghi_Lenh(0x0c);         // Bat hien thi con tro
  69   1        Lcd_Ghi_Lenh(0x01);         // Xoa man hinh
  70   1      }
  71          


MODULE INFORMATION:   STATIC OVERLAYABLE
   CODE SIZE        =    198    ----
   CONSTANT SIZE    =   ----    ----
   XDATA SIZE       =   ----    ----
   PDATA SIZE       =   ----    ----
   DATA SIZE        =   ----       3
   IDATA SIZE       =   ----    ----
   BIT SIZE         =   ----    ----
END OF MODULE INFORMATION.


C51 COMPILATION COMPLETE.  0 WARNING(S),  0 ERROR(S)
